[     116ms] [ERROR] [next-auth][error][CLIENT_FETCH_ERROR] 
https://next-auth.js.org/errors#client_fetch_error Failed to fetch {error: Object, url: /api/auth/session, message: Failed to fetch} @ http://localhost:3010/_next/static/chunks/node_modules_next_dist_115brz8._.js:3272
[     177ms] [INFO] %cDownload the React DevTools for a better development experience: https://react.dev/link/react-devtools font-weight:bold @ http://localhost:3010/_next/static/chunks/node_modules_next_dist_115brz8._.js:2431
[     193ms] [LOG] [HMR] connected @ http://localhost:3010/_next/static/chunks/node_modules_next_dist_115brz8._.js:2431
[ 9685043ms] [LOG] [Fast Refresh] rebuilding @ http://localhost:3010/_next/static/chunks/node_modules_next_dist_115brz8._.js:2431
[ 9685151ms] [LOG] [Fast Refresh] done in 132ms @ http://localhost:3010/_next/static/chunks/node_modules_next_dist_115brz8._.js:2431
[ 9697500ms] [LOG] [Fast Refresh] rebuilding @ http://localhost:3010/_next/static/chunks/node_modules_next_dist_115brz8._.js:2431
[ 9697524ms] [LOG] [Fast Refresh] done in 129ms @ http://localhost:3010/_next/static/chunks/node_modules_next_dist_115brz8._.js:2431
[ 9717909ms] [LOG] [Fast Refresh] rebuilding @ http://localhost:3010/_next/static/chunks/node_modules_next_dist_115brz8._.js:2431
[ 9717963ms] [LOG] [Fast Refresh] done in 136ms @ http://localhost:3010/_next/static/chunks/node_modules_next_dist_115brz8._.js:2431
[ 9759137ms] [LOG] [Fast Refresh] rebuilding @ http://localhost:3010/_next/static/chunks/node_modules_next_dist_115brz8._.js:2431
[ 9759209ms] [LOG] [Fast Refresh] done in 145ms @ http://localhost:3010/_next/static/chunks/node_modules_next_dist_115brz8._.js:2431
[ 9762851ms] [LOG] [Fast Refresh] rebuilding @ http://localhost:3010/_next/static/chunks/node_modules_next_dist_115brz8._.js:2431
[ 9762931ms] [LOG] [Fast Refresh] done in 120ms @ http://localhost:3010/_next/static/chunks/node_modules_next_dist_115brz8._.js:2431
[ 9769181ms] [LOG] [Fast Refresh] rebuilding @ http://localhost:3010/_next/static/chunks/node_modules_next_dist_115brz8._.js:2431
[ 9769237ms] [LOG] [Fast Refresh] done in 135ms @ http://localhost:3010/_next/static/chunks/node_modules_next_dist_115brz8._.js:2431
[ 9773564ms] [LOG] [Fast Refresh] rebuilding @ http://localhost:3010/_next/static/chunks/node_modules_next_dist_115brz8._.js:2431
[ 9773600ms] [LOG] [Fast Refresh] done in 97ms @ http://localhost:3010/_next/static/chunks/node_modules_next_dist_115brz8._.js:2431
[ 9781075ms] [LOG] [Fast Refresh] rebuilding @ http://localhost:3010/_next/static/chunks/node_modules_next_dist_115brz8._.js:2431
[ 9781136ms] [LOG] [Fast Refresh] done in 134ms @ http://localhost:3010/_next/static/chunks/node_modules_next_dist_115brz8._.js:2431
[ 9797967ms] [LOG] [Fast Refresh] rebuilding @ http://localhost:3010/_next/static/chunks/node_modules_next_dist_115brz8._.js:2431
[ 9797999ms] [LOG] [Fast Refresh] done in 115ms @ http://localhost:3010/_next/static/chunks/node_modules_next_dist_115brz8._.js:2431
[10293687ms] [LOG] [Fast Refresh] rebuilding @ http://localhost:3010/_next/static/chunks/node_modules_next_dist_115brz8._.js:2431
[10293734ms] [LOG] [Fast Refresh] done in 117ms @ http://localhost:3010/_next/static/chunks/node_modules_next_dist_115brz8._.js:2431
[10657714ms] [LOG] [Fast Refresh] rebuilding @ http://localhost:3010/_next/static/chunks/node_modules_next_dist_115brz8._.js:2431
[10657725ms] [LOG] [Fast Refresh] done in 123ms @ http://localhost:3010/_next/static/chunks/node_modules_next_dist_115brz8._.js:2431
[10766024ms] [LOG] [Fast Refresh] rebuilding @ http://localhost:3010/_next/static/chunks/node_modules_next_dist_115brz8._.js:2431
[10766025ms] [LOG] [Fast Refresh] done in 102ms @ http://localhost:3010/_next/static/chunks/node_modules_next_dist_115brz8._.js:2431
[10820089ms] [LOG] [Fast Refresh] rebuilding @ http://localhost:3010/_next/static/chunks/node_modules_next_dist_115brz8._.js:2431
[10820112ms] [LOG] [Fast Refresh] done in 131ms @ http://localhost:3010/_next/static/chunks/node_modules_next_dist_115brz8._.js:2431
[11357479ms] [LOG] [Fast Refresh] rebuilding @ http://localhost:3010/_next/static/chunks/node_modules_next_dist_115brz8._.js:2431
[11357564ms] [LOG] [Fast Refresh] done in 110ms @ http://localhost:3010/_next/static/chunks/node_modules_next_dist_115brz8._.js:2431
[11367521ms] [LOG] [Fast Refresh] rebuilding @ http://localhost:3010/_next/static/chunks/node_modules_next_dist_115brz8._.js:2431
[11367551ms] [LOG] [Fast Refresh] done in 106ms @ http://localhost:3010/_next/static/chunks/node_modules_next_dist_115brz8._.js:2431
[11716652ms] [LOG] [Fast Refresh] rebuilding @ http://localhost:3010/_next/static/chunks/node_modules_next_dist_115brz8._.js:2431
[11716711ms] [LOG] [Fast Refresh] done in 163ms @ http://localhost:3010/_next/static/chunks/node_modules_next_dist_115brz8._.js:2431
[11729398ms] [LOG] [Fast Refresh] rebuilding @ http://localhost:3010/_next/static/chunks/node_modules_next_dist_115brz8._.js:2431
[11729470ms] [LOG] [Fast Refresh] done in 177ms @ http://localhost:3010/_next/static/chunks/node_modules_next_dist_115brz8._.js:2431
[11729571ms] [LOG] [Fast Refresh] rebuilding @ http://localhost:3010/_next/static/chunks/node_modules_next_dist_115brz8._.js:2431
[11729643ms] [LOG] [Fast Refresh] done in 173ms @ http://localhost:3010/_next/static/chunks/node_modules_next_dist_115brz8._.js:2431
[11740431ms] [LOG] [Fast Refresh] rebuilding @ http://localhost:3010/_next/static/chunks/node_modules_next_dist_115brz8._.js:2431
[11740512ms] [LOG] [Fast Refresh] done in 126ms @ http://localhost:3010/_next/static/chunks/node_modules_next_dist_115brz8._.js:2431
[12024486ms] [LOG] [Fast Refresh] rebuilding @ http://localhost:3010/_next/static/chunks/node_modules_next_dist_115brz8._.js:2431
[12024514ms] [ERROR] The final argument passed to %s changed size between renders. The order and size of this array must remain constant.

Previous: %s
Incoming: %s useEffect [] [nphomee@gmail.com] @ http://localhost:3010/_next/static/chunks/node_modules_next_dist_115brz8._.js:3272
[12024548ms] [LOG] [Fast Refresh] done in 122ms @ http://localhost:3010/_next/static/chunks/node_modules_next_dist_115brz8._.js:2431
[12024651ms] [LOG] [Fast Refresh] rebuilding @ http://localhost:3010/_next/static/chunks/node_modules_next_dist_115brz8._.js:2431
[12024657ms] [LOG] [Fast Refresh] done in 109ms @ http://localhost:3010/_next/static/chunks/node_modules_next_dist_115brz8._.js:2431
[12406541ms] [LOG] [Fast Refresh] rebuilding @ http://localhost:3010/_next/static/chunks/node_modules_next_dist_115brz8._.js:2431
[12406541ms] [LOG] [Fast Refresh] done in 107ms @ http://localhost:3010/_next/static/chunks/node_modules_next_dist_115brz8._.js:2431
[12450155ms] [LOG] [Fast Refresh] rebuilding @ http://localhost:3010/_next/static/chunks/node_modules_next_dist_115brz8._.js:2431
[12450156ms] [LOG] [Fast Refresh] done in 101ms @ http://localhost:3010/_next/static/chunks/node_modules_next_dist_115brz8._.js:2431
[12510698ms] [LOG] [Fast Refresh] rebuilding @ http://localhost:3010/_next/static/chunks/node_modules_next_dist_115brz8._.js:2431
[12510698ms] [LOG] [Fast Refresh] done in 103ms @ http://localhost:3010/_next/static/chunks/node_modules_next_dist_115brz8._.js:2431
[12522626ms] [LOG] [Fast Refresh] rebuilding @ http://localhost:3010/_next/static/chunks/node_modules_next_dist_115brz8._.js:2431
[12522627ms] [LOG] [Fast Refresh] done in 113ms @ http://localhost:3010/_next/static/chunks/node_modules_next_dist_115brz8._.js:2431
[22944963ms] [LOG] [Fast Refresh] rebuilding @ http://localhost:3010/_next/static/chunks/node_modules_next_dist_115brz8._.js:2431
[22945059ms] [LOG] [Fast Refresh] done in 207ms @ http://localhost:3010/_next/static/chunks/node_modules_next_dist_115brz8._.js:2431
[22946833ms] [LOG] [Fast Refresh] rebuilding @ http://localhost:3010/_next/static/chunks/node_modules_next_dist_115brz8._.js:2431
[22946833ms] [LOG] [Fast Refresh] done in 105ms @ http://localhost:3010/_next/static/chunks/node_modules_next_dist_115brz8._.js:2431
[22958535ms] [LOG] [Fast Refresh] rebuilding @ http://localhost:3010/_next/static/chunks/node_modules_next_dist_115brz8._.js:2431
[22958843ms] [LOG] [Fast Refresh] done in 404ms @ http://localhost:3010/_next/static/chunks/node_modules_next_dist_115brz8._.js:2431
[22959358ms] [LOG] [Fast Refresh] rebuilding @ http://localhost:3010/_next/static/chunks/node_modules_next_dist_115brz8._.js:2431
[22960201ms] [LOG] [Fast Refresh] done in 950ms @ http://localhost:3010/_next/static/chunks/node_modules_next_dist_115brz8._.js:2431
[22960305ms] [LOG] [Fast Refresh] rebuilding @ http://localhost:3010/_next/static/chunks/node_modules_next_dist_115brz8._.js:2431
[22960481ms] [LOG] [Fast Refresh] done in 279ms @ http://localhost:3010/_next/static/chunks/node_modules_next_dist_115brz8._.js:2431
[23013285ms] [LOG] [Fast Refresh] rebuilding @ http://localhost:3010/_next/static/chunks/node_modules_next_dist_115brz8._.js:2431
[23013410ms] [LOG] [Fast Refresh] done in 108ms @ http://localhost:3010/_next/static/chunks/node_modules_next_dist_115brz8._.js:2431
[23130674ms] [LOG] [Fast Refresh] rebuilding @ http://localhost:3010/_next/static/chunks/node_modules_next_dist_115brz8._.js:2431
[23130675ms] [LOG] [Fast Refresh] done in 115ms @ http://localhost:3010/_next/static/chunks/node_modules_next_dist_115brz8._.js:2431
[23266264ms] [LOG] [Fast Refresh] rebuilding @ http://localhost:3010/_next/static/chunks/node_modules_next_dist_115brz8._.js:2431
[23266265ms] [LOG] [Fast Refresh] done in 109ms @ http://localhost:3010/_next/static/chunks/node_modules_next_dist_115brz8._.js:2431
[23273518ms] [LOG] [Fast Refresh] rebuilding @ http://localhost:3010/_next/static/chunks/node_modules_next_dist_115brz8._.js:2431
[23273519ms] [LOG] [Fast Refresh] done in 101ms @ http://localhost:3010/_next/static/chunks/node_modules_next_dist_115brz8._.js:2431
[23287586ms] [LOG] [Fast Refresh] rebuilding @ http://localhost:3010/_next/static/chunks/node_modules_next_dist_115brz8._.js:2431
[23287587ms] [LOG] [Fast Refresh] done in 117ms @ http://localhost:3010/_next/static/chunks/node_modules_next_dist_115brz8._.js:2431
[23297030ms] [LOG] [Fast Refresh] rebuilding @ http://localhost:3010/_next/static/chunks/node_modules_next_dist_115brz8._.js:2431
[23297031ms] [LOG] [Fast Refresh] done in 101ms @ http://localhost:3010/_next/static/chunks/node_modules_next_dist_115brz8._.js:2431
[23300753ms] [LOG] [Fast Refresh] rebuilding @ http://localhost:3010/_next/static/chunks/node_modules_next_dist_115brz8._.js:2431
[23300807ms] [LOG] [Fast Refresh] done in 124ms @ http://localhost:3010/_next/static/chunks/node_modules_next_dist_115brz8._.js:2431
[23303866ms] [LOG] [Fast Refresh] rebuilding @ http://localhost:3010/_next/static/chunks/node_modules_next_dist_115brz8._.js:2431
[23303871ms] [LOG] [Fast Refresh] done in 90ms @ http://localhost:3010/_next/static/chunks/node_modules_next_dist_115brz8._.js:2431
[23309857ms] [LOG] [Fast Refresh] rebuilding @ http://localhost:3010/_next/static/chunks/node_modules_next_dist_115brz8._.js:2431
[23309873ms] [LOG] [Fast Refresh] done in 101ms @ http://localhost:3010/_next/static/chunks/node_modules_next_dist_115brz8._.js:2431
[23310262ms] [LOG] [Fast Refresh] rebuilding @ http://localhost:3010/_next/static/chunks/node_modules_next_dist_115brz8._.js:2431
[23310275ms] [LOG] [Fast Refresh] done in 92ms @ http://localhost:3010/_next/static/chunks/node_modules_next_dist_115brz8._.js:2431
[23310398ms] [LOG] [Fast Refresh] rebuilding @ http://localhost:3010/_next/static/chunks/node_modules_next_dist_115brz8._.js:2431
[23311531ms] [LOG] [Fast Refresh] done in 1233ms @ http://localhost:3010/_next/static/chunks/node_modules_next_dist_115brz8._.js:2431
[23311573ms] [LOG] [Fast Refresh] rebuilding @ http://localhost:3010/_next/static/chunks/node_modules_next_dist_115brz8._.js:2431
[23311839ms] [LOG] [Fast Refresh] done in 21ms @ http://localhost:3010/_next/static/chunks/node_modules_next_dist_115brz8._.js:2431
[23314286ms] [LOG] [Fast Refresh] rebuilding @ http://localhost:3010/_next/static/chunks/node_modules_next_dist_115brz8._.js:2431
[23314291ms] [LOG] [Fast Refresh] done in 89ms @ http://localhost:3010/_next/static/chunks/node_modules_next_dist_115brz8._.js:2431
[23353572ms] [LOG] [Fast Refresh] rebuilding @ http://localhost:3010/_next/static/chunks/node_modules_next_dist_115brz8._.js:2431
[23353589ms] [LOG] [Fast Refresh] done in 125ms @ http://localhost:3010/_next/static/chunks/node_modules_next_dist_115brz8._.js:2431
[23978983ms] [LOG] [Fast Refresh] rebuilding @ http://localhost:3010/_next/static/chunks/node_modules_next_dist_115brz8._.js:2431
[23979190ms] [LOG] [Fast Refresh] done in 310ms @ http://localhost:3010/_next/static/chunks/node_modules_next_dist_115brz8._.js:2431
[23984495ms] [LOG] [Fast Refresh] rebuilding @ http://localhost:3010/_next/static/chunks/node_modules_next_dist_115brz8._.js:2431
[23984626ms] [LOG] [Fast Refresh] done in 83ms @ http://localhost:3010/_next/static/chunks/node_modules_next_dist_115brz8._.js:2431
[23989573ms] [LOG] [Fast Refresh] rebuilding @ http://localhost:3010/_next/static/chunks/node_modules_next_dist_115brz8._.js:2431
[23989574ms] [LOG] [Fast Refresh] done in 109ms @ http://localhost:3010/_next/static/chunks/node_modules_next_dist_115brz8._.js:2431
[24913416ms] [LOG] [Fast Refresh] rebuilding @ http://localhost:3010/_next/static/chunks/node_modules_next_dist_115brz8._.js:2431
[24913425ms] [LOG] [Fast Refresh] done in 111ms @ http://localhost:3010/_next/static/chunks/node_modules_next_dist_115brz8._.js:2431
[24913783ms] [LOG] [Fast Refresh] rebuilding @ http://localhost:3010/_next/static/chunks/node_modules_next_dist_115brz8._.js:2431
[24913784ms] [LOG] [Fast Refresh] done in 112ms @ http://localhost:3010/_next/static/chunks/node_modules_next_dist_115brz8._.js:2431
[24921892ms] [LOG] [Fast Refresh] rebuilding @ http://localhost:3010/_next/static/chunks/node_modules_next_dist_115brz8._.js:2431
[24921892ms] [LOG] [Fast Refresh] done in 111ms @ http://localhost:3010/_next/static/chunks/node_modules_next_dist_115brz8._.js:2431
[24923317ms] [LOG] [Fast Refresh] rebuilding @ http://localhost:3010/_next/static/chunks/node_modules_next_dist_115brz8._.js:2431
[24923318ms] [LOG] [Fast Refresh] done in 116ms @ http://localhost:3010/_next/static/chunks/node_modules_next_dist_115brz8._.js:2431
[24957283ms] [LOG] [Fast Refresh] rebuilding @ http://localhost:3010/_next/static/chunks/node_modules_next_dist_115brz8._.js:2431
[24957300ms] [LOG] [Fast Refresh] done in 121ms @ http://localhost:3010/_next/static/chunks/node_modules_next_dist_115brz8._.js:2431
[24960466ms] [LOG] [Fast Refresh] rebuilding @ http://localhost:3010/_next/static/chunks/node_modules_next_dist_115brz8._.js:2431
[24960485ms] [LOG] [Fast Refresh] done in 104ms @ http://localhost:3010/_next/static/chunks/node_modules_next_dist_115brz8._.js:2431
[24961753ms] [LOG] [Fast Refresh] rebuilding @ http://localhost:3010/_next/static/chunks/node_modules_next_dist_115brz8._.js:2431
[24961772ms] [LOG] [Fast Refresh] done in 90ms @ http://localhost:3010/_next/static/chunks/node_modules_next_dist_115brz8._.js:2431
[24965366ms] [LOG] [Fast Refresh] rebuilding @ http://localhost:3010/_next/static/chunks/node_modules_next_dist_115brz8._.js:2431
[24965458ms] [LOG] [Fast Refresh] done in 176ms @ http://localhost:3010/_next/static/chunks/node_modules_next_dist_115brz8._.js:2431
[24983219ms] [LOG] [Fast Refresh] rebuilding @ http://localhost:3010/_next/static/chunks/node_modules_next_dist_115brz8._.js:2431
[24983224ms] [LOG] [Fast Refresh] done in 105ms @ http://localhost:3010/_next/static/chunks/node_modules_next_dist_115brz8._.js:2431
[24983909ms] [LOG] [Fast Refresh] rebuilding @ http://localhost:3010/_next/static/chunks/node_modules_next_dist_115brz8._.js:2431
[24983923ms] [LOG] [Fast Refresh] done in 104ms @ http://localhost:3010/_next/static/chunks/node_modules_next_dist_115brz8._.js:2431
[24985491ms] [LOG] [Fast Refresh] rebuilding @ http://localhost:3010/_next/static/chunks/node_modules_next_dist_115brz8._.js:2431
[24985508ms] [LOG] [Fast Refresh] done in 84ms @ http://localhost:3010/_next/static/chunks/node_modules_next_dist_115brz8._.js:2431
[24988948ms] [LOG] [Fast Refresh] rebuilding @ http://localhost:3010/_next/static/chunks/node_modules_next_dist_115brz8._.js:2431
[24989017ms] [LOG] [Fast Refresh] done in 153ms @ http://localhost:3010/_next/static/chunks/node_modules_next_dist_115brz8._.js:2431
[24993504ms] [LOG] [Fast Refresh] rebuilding @ http://localhost:3010/_next/static/chunks/node_modules_next_dist_115brz8._.js:2431
[24993573ms] [LOG] [Fast Refresh] done in 155ms @ http://localhost:3010/_next/static/chunks/node_modules_next_dist_115brz8._.js:2431
[25003717ms] [LOG] [Fast Refresh] rebuilding @ http://localhost:3010/_next/static/chunks/node_modules_next_dist_115brz8._.js:2431
[25003780ms] [LOG] [Fast Refresh] done in 99ms @ http://localhost:3010/_next/static/chunks/node_modules_next_dist_115brz8._.js:2431
[25014572ms] [LOG] [Fast Refresh] rebuilding @ http://localhost:3010/_next/static/chunks/node_modules_next_dist_115brz8._.js:2431
[25014669ms] [LOG] [Fast Refresh] done in 146ms @ http://localhost:3010/_next/static/chunks/node_modules_next_dist_115brz8._.js:2431
[25516991ms] [LOG] [Fast Refresh] rebuilding @ http://localhost:3010/_next/static/chunks/node_modules_next_dist_115brz8._.js:2431
[25517043ms] [LOG] [Fast Refresh] done in 112ms @ http://localhost:3010/_next/static/chunks/node_modules_next_dist_115brz8._.js:2431
[25521948ms] [LOG] [Fast Refresh] rebuilding @ http://localhost:3010/_next/static/chunks/node_modules_next_dist_115brz8._.js:2431
[25521970ms] [LOG] [Fast Refresh] done in 120ms @ http://localhost:3010/_next/static/chunks/node_modules_next_dist_115brz8._.js:2431
[25624856ms] [LOG] [Fast Refresh] rebuilding @ http://localhost:3010/_next/static/chunks/node_modules_next_dist_115brz8._.js:2431
[25624857ms] [LOG] [Fast Refresh] done in 103ms @ http://localhost:3010/_next/static/chunks/node_modules_next_dist_115brz8._.js:2431
[25628489ms] [LOG] [Fast Refresh] rebuilding @ http://localhost:3010/_next/static/chunks/node_modules_next_dist_115brz8._.js:2431
[25628490ms] [LOG] [Fast Refresh] done in 108ms @ http://localhost:3010/_next/static/chunks/node_modules_next_dist_115brz8._.js:2431
[25633011ms] [LOG] [Fast Refresh] rebuilding @ http://localhost:3010/_next/static/chunks/node_modules_next_dist_115brz8._.js:2431
[25633012ms] [LOG] [Fast Refresh] done in 107ms @ http://localhost:3010/_next/static/chunks/node_modules_next_dist_115brz8._.js:2431
[25633929ms] [LOG] [Fast Refresh] rebuilding @ http://localhost:3010/_next/static/chunks/node_modules_next_dist_115brz8._.js:2431
[25633978ms] [LOG] [Fast Refresh] done in 155ms @ http://localhost:3010/_next/static/chunks/node_modules_next_dist_115brz8._.js:2431
[25644568ms] [LOG] [Fast Refresh] rebuilding @ http://localhost:3010/_next/static/chunks/node_modules_next_dist_115brz8._.js:2431
[25644568ms] [LOG] [Fast Refresh] done in 102ms @ http://localhost:3010/_next/static/chunks/node_modules_next_dist_115brz8._.js:2431
[25651506ms] [LOG] [Fast Refresh] rebuilding @ http://localhost:3010/_next/static/chunks/node_modules_next_dist_115brz8._.js:2431
[25651507ms] [LOG] [Fast Refresh] done in 108ms @ http://localhost:3010/_next/static/chunks/node_modules_next_dist_115brz8._.js:2431
[25686272ms] [LOG] [Fast Refresh] rebuilding @ http://localhost:3010/_next/static/chunks/node_modules_next_dist_115brz8._.js:2431
[25686339ms] [LOG] [Fast Refresh] done in 145ms @ http://localhost:3010/_next/static/chunks/node_modules_next_dist_115brz8._.js:2431
[25689519ms] [LOG] [Fast Refresh] rebuilding @ http://localhost:3010/_next/static/chunks/node_modules_next_dist_115brz8._.js:2431
[25689519ms] [LOG] [Fast Refresh] done in 111ms @ http://localhost:3010/_next/static/chunks/node_modules_next_dist_115brz8._.js:2431
[25812003ms] [LOG] [Fast Refresh] rebuilding @ http://localhost:3010/_next/static/chunks/node_modules_next_dist_115brz8._.js:2431
[25812087ms] [LOG] [Fast Refresh] done in 173ms @ http://localhost:3010/_next/static/chunks/node_modules_next_dist_115brz8._.js:2431
[26273363ms] [LOG] [Fast Refresh] rebuilding @ http://localhost:3010/_next/static/chunks/node_modules_next_dist_115brz8._.js:2431
[26273442ms] [LOG] [Fast Refresh] done in 158ms @ http://localhost:3010/_next/static/chunks/node_modules_next_dist_115brz8._.js:2431
[26288138ms] [LOG] [Fast Refresh] rebuilding @ http://localhost:3010/_next/static/chunks/node_modules_next_dist_115brz8._.js:2431
[26288155ms] [LOG] [Fast Refresh] done in 126ms @ http://localhost:3010/_next/static/chunks/node_modules_next_dist_115brz8._.js:2431
[26404761ms] [LOG] [Fast Refresh] rebuilding @ http://localhost:3010/_next/static/chunks/node_modules_next_dist_115brz8._.js:2431
[26404770ms] [LOG] [Fast Refresh] done in 95ms @ http://localhost:3010/_next/static/chunks/node_modules_next_dist_115brz8._.js:2431
[26409246ms] [LOG] [Fast Refresh] rebuilding @ http://localhost:3010/_next/static/chunks/node_modules_next_dist_115brz8._.js:2431
[26409261ms] [LOG] [Fast Refresh] done in 98ms @ http://localhost:3010/_next/static/chunks/node_modules_next_dist_115brz8._.js:2431
[26705131ms] [LOG] [Fast Refresh] rebuilding @ http://localhost:3010/_next/static/chunks/node_modules_next_dist_115brz8._.js:2431
[26705149ms] [LOG] [Fast Refresh] done in 119ms @ http://localhost:3010/_next/static/chunks/node_modules_next_dist_115brz8._.js:2431
[26720207ms] [LOG] [Fast Refresh] rebuilding @ http://localhost:3010/_next/static/chunks/node_modules_next_dist_115brz8._.js:2431
[26720302ms] [LOG] [Fast Refresh] done in 170ms @ http://localhost:3010/_next/static/chunks/node_modules_next_dist_115brz8._.js:2431
[27093789ms] [LOG] [Fast Refresh] rebuilding @ http://localhost:3010/_next/static/chunks/node_modules_next_dist_115brz8._.js:2431
[27093809ms] [LOG] [Fast Refresh] done in 120ms @ http://localhost:3010/_next/static/chunks/node_modules_next_dist_115brz8._.js:2431
[27102066ms] [LOG] [Fast Refresh] rebuilding @ http://localhost:3010/_next/static/chunks/node_modules_next_dist_115brz8._.js:2431
[27102129ms] [LOG] [Fast Refresh] done in 168ms @ http://localhost:3010/_next/static/chunks/node_modules_next_dist_115brz8._.js:2431
[27110628ms] [LOG] [Fast Refresh] rebuilding @ http://localhost:3010/_next/static/chunks/node_modules_next_dist_115brz8._.js:2431
[27110674ms] [LOG] [Fast Refresh] done in 120ms @ http://localhost:3010/_next/static/chunks/node_modules_next_dist_115brz8._.js:2431
[27127126ms] [LOG] [Fast Refresh] rebuilding @ http://localhost:3010/_next/static/chunks/node_modules_next_dist_115brz8._.js:2431
[27127140ms] [LOG] [Fast Refresh] done in 106ms @ http://localhost:3010/_next/static/chunks/node_modules_next_dist_115brz8._.js:2431
[27151089ms] [LOG] [Fast Refresh] rebuilding @ http://localhost:3010/_next/static/chunks/node_modules_next_dist_115brz8._.js:2431
[27151105ms] [LOG] [Fast Refresh] done in 118ms @ http://localhost:3010/_next/static/chunks/node_modules_next_dist_115brz8._.js:2431
[27159072ms] [LOG] [Fast Refresh] rebuilding @ http://localhost:3010/_next/static/chunks/node_modules_next_dist_115brz8._.js:2431
[27159073ms] [LOG] [Fast Refresh] done in 110ms @ http://localhost:3010/_next/static/chunks/node_modules_next_dist_115brz8._.js:2431
[82254816ms] [LOG] [Fast Refresh] rebuilding @ http://localhost:3010/_next/static/chunks/node_modules_next_dist_115brz8._.js:2431
[82254920ms] [LOG] [Fast Refresh] done in 189ms @ http://localhost:3010/_next/static/chunks/node_modules_next_dist_115brz8._.js:2431
[82260858ms] [LOG] [Fast Refresh] rebuilding @ http://localhost:3010/_next/static/chunks/node_modules_next_dist_115brz8._.js:2431
[82260963ms] [LOG] [Fast Refresh] done in 210ms @ http://localhost:3010/_next/static/chunks/node_modules_next_dist_115brz8._.js:2431
[82261365ms] [LOG] [Fast Refresh] rebuilding @ http://localhost:3010/_next/static/chunks/node_modules_next_dist_115brz8._.js:2431
[82261365ms] [LOG] [Fast Refresh] done in 111ms @ http://localhost:3010/_next/static/chunks/node_modules_next_dist_115brz8._.js:2431
[82262189ms] [LOG] [Fast Refresh] rebuilding @ http://localhost:3010/_next/static/chunks/node_modules_next_dist_115brz8._.js:2431
[82262206ms] [LOG] [Fast Refresh] done in 123ms @ http://localhost:3010/_next/static/chunks/node_modules_next_dist_115brz8._.js:2431
[82262851ms] [LOG] [Fast Refresh] rebuilding @ http://localhost:3010/_next/static/chunks/node_modules_next_dist_115brz8._.js:2431
[82262853ms] [LOG] [Fast Refresh] done in 112ms @ http://localhost:3010/_next/static/chunks/node_modules_next_dist_115brz8._.js:2431
[82263527ms] [LOG] [Fast Refresh] rebuilding @ http://localhost:3010/_next/static/chunks/node_modules_next_dist_115brz8._.js:2431
[82263528ms] [LOG] [Fast Refresh] done in 102ms @ http://localhost:3010/_next/static/chunks/node_modules_next_dist_115brz8._.js:2431
[82284882ms] [LOG] [Fast Refresh] rebuilding @ http://localhost:3010/_next/static/chunks/node_modules_next_dist_115brz8._.js:2431
[82284899ms] [LOG] [Fast Refresh] done in 121ms @ http://localhost:3010/_next/static/chunks/node_modules_next_dist_115brz8._.js:2431
[82292955ms] [LOG] [Fast Refresh] rebuilding @ http://localhost:3010/_next/static/chunks/node_modules_next_dist_115brz8._.js:2431
[82292956ms] [LOG] [Fast Refresh] done in 105ms @ http://localhost:3010/_next/static/chunks/node_modules_next_dist_115brz8._.js:2431
[82438252ms] [LOG] [Fast Refresh] rebuilding @ http://localhost:3010/_next/static/chunks/node_modules_next_dist_115brz8._.js:2431
[82438252ms] [LOG] [Fast Refresh] done in 103ms @ http://localhost:3010/_next/static/chunks/node_modules_next_dist_115brz8._.js:2431
[82510237ms] [LOG] [Fast Refresh] rebuilding @ http://localhost:3010/_next/static/chunks/node_modules_next_dist_115brz8._.js:2431
[82511182ms] [LOG] [Fast Refresh] done in 175ms @ http://localhost:3010/_next/static/chunks/node_modules_next_dist_115brz8._.js:2431
[82511226ms] [ERROR] The final argument passed to %s changed size between renders. The order and size of this array must remain constant.

Previous: %s
Incoming: %s useEffect [false] [false, false] @ http://localhost:3010/_next/static/chunks/node_modules_next_dist_115brz8._.js:3272
[82511436ms] [LOG] [Fast Refresh] rebuilding @ http://localhost:3010/_next/static/chunks/node_modules_next_dist_115brz8._.js:2431
[82511454ms] [LOG] [Fast Refresh] done in 121ms @ http://localhost:3010/_next/static/chunks/node_modules_next_dist_115brz8._.js:2431
[82512819ms] [LOG] [Fast Refresh] rebuilding @ http://localhost:3010/_next/static/chunks/node_modules_next_dist_115brz8._.js:2431
[82513060ms] [LOG] [Fast Refresh] done in 302ms @ http://localhost:3010/_next/static/chunks/node_modules_next_dist_115brz8._.js:2431
[82513868ms] [LOG] [Fast Refresh] rebuilding @ http://localhost:3010/_next/static/chunks/node_modules_next_dist_115brz8._.js:2431
[82513933ms] [LOG] [Fast Refresh] done in 111ms @ http://localhost:3010/_next/static/chunks/node_modules_next_dist_115brz8._.js:2431
[82522505ms] [LOG] [Fast Refresh] rebuilding @ http://localhost:3010/_next/static/chunks/node_modules_next_dist_115brz8._.js:2431
[82522538ms] [LOG] [Fast Refresh] done in 94ms @ http://localhost:3010/_next/static/chunks/node_modules_next_dist_115brz8._.js:2431
[82712746ms] [LOG] [Fast Refresh] rebuilding @ http://localhost:3010/_next/static/chunks/node_modules_next_dist_115brz8._.js:2431
[82712768ms] [LOG] [Fast Refresh] done in 131ms @ http://localhost:3010/_next/static/chunks/node_modules_next_dist_115brz8._.js:2431
[82712912ms] [LOG] [Fast Refresh] rebuilding @ http://localhost:3010/_next/static/chunks/node_modules_next_dist_115brz8._.js:2431
[82713214ms] [LOG] [Fast Refresh] done in 417ms @ http://localhost:3010/_next/static/chunks/node_modules_next_dist_115brz8._.js:2431
[82718771ms] [LOG] [Fast Refresh] rebuilding @ http://localhost:3010/_next/static/chunks/node_modules_next_dist_115brz8._.js:2431
[82718828ms] [LOG] [Fast Refresh] done in 113ms @ http://localhost:3010/_next/static/chunks/node_modules_next_dist_115brz8._.js:2431
[82724005ms] [LOG] [Fast Refresh] rebuilding @ http://localhost:3010/_next/static/chunks/node_modules_next_dist_115brz8._.js:2431
[82724022ms] [LOG] [Fast Refresh] done in 107ms @ http://localhost:3010/_next/static/chunks/node_modules_next_dist_115brz8._.js:2431
[82725307ms] [LOG] [Fast Refresh] rebuilding @ http://localhost:3010/_next/static/chunks/node_modules_next_dist_115brz8._.js:2431
[82725320ms] [LOG] [Fast Refresh] done in 108ms @ http://localhost:3010/_next/static/chunks/node_modules_next_dist_115brz8._.js:2431
[82726336ms] [LOG] [Fast Refresh] rebuilding @ http://localhost:3010/_next/static/chunks/node_modules_next_dist_115brz8._.js:2431
[82726353ms] [LOG] [Fast Refresh] done in 115ms @ http://localhost:3010/_next/static/chunks/node_modules_next_dist_115brz8._.js:2431
[82727483ms] [LOG] [Fast Refresh] rebuilding @ http://localhost:3010/_next/static/chunks/node_modules_next_dist_115brz8._.js:2431
[82727522ms] [LOG] [Fast Refresh] done in 135ms @ http://localhost:3010/_next/static/chunks/node_modules_next_dist_115brz8._.js:2431
[82735419ms] [LOG] [Fast Refresh] rebuilding @ http://localhost:3010/_next/static/chunks/node_modules_next_dist_115brz8._.js:2431
[82735523ms] [LOG] [Fast Refresh] done in 196ms @ http://localhost:3010/_next/static/chunks/node_modules_next_dist_115brz8._.js:2431
[82749457ms] [LOG] [Fast Refresh] rebuilding @ http://localhost:3010/_next/static/chunks/node_modules_next_dist_115brz8._.js:2431
[82749476ms] [LOG] [Fast Refresh] done in 114ms @ http://localhost:3010/_next/static/chunks/node_modules_next_dist_115brz8._.js:2431
[82754569ms] [LOG] [Fast Refresh] rebuilding @ http://localhost:3010/_next/static/chunks/node_modules_next_dist_115brz8._.js:2431
[82754585ms] [LOG] [Fast Refresh] done in 110ms @ http://localhost:3010/_next/static/chunks/node_modules_next_dist_115brz8._.js:2431
[82755303ms] [LOG] [Fast Refresh] rebuilding @ http://localhost:3010/_next/static/chunks/node_modules_next_dist_115brz8._.js:2431
[82755365ms] [LOG] [Fast Refresh] done in 136ms @ http://localhost:3010/_next/static/chunks/node_modules_next_dist_115brz8._.js:2431
[82757219ms] [LOG] [Fast Refresh] rebuilding @ http://localhost:3010/_next/static/chunks/node_modules_next_dist_115brz8._.js:2431
[82757282ms] [LOG] [Fast Refresh] done in 136ms @ http://localhost:3010/_next/static/chunks/node_modules_next_dist_115brz8._.js:2431
[82768518ms] [LOG] [Fast Refresh] rebuilding @ http://localhost:3010/_next/static/chunks/node_modules_next_dist_115brz8._.js:2431
[82768600ms] [LOG] [Fast Refresh] done in 184ms @ http://localhost:3010/_next/static/chunks/node_modules_next_dist_115brz8._.js:2431
[82993112ms] [LOG] [Fast Refresh] rebuilding @ http://localhost:3010/_next/static/chunks/node_modules_next_dist_115brz8._.js:2431
[82993128ms] [LOG] [Fast Refresh] done in 120ms @ http://localhost:3010/_next/static/chunks/node_modules_next_dist_115brz8._.js:2431
[82998259ms] [LOG] [Fast Refresh] rebuilding @ http://localhost:3010/_next/static/chunks/node_modules_next_dist_115brz8._.js:2431
[82998275ms] [LOG] [Fast Refresh] done in 118ms @ http://localhost:3010/_next/static/chunks/node_modules_next_dist_115brz8._.js:2431
[83046702ms] [LOG] [Fast Refresh] rebuilding @ http://localhost:3010/_next/static/chunks/node_modules_next_dist_115brz8._.js:2431
[83046734ms] [LOG] [Fast Refresh] done in 142ms @ http://localhost:3010/_next/static/chunks/node_modules_next_dist_115brz8._.js:2431
[83050450ms] [LOG] [Fast Refresh] rebuilding @ http://localhost:3010/_next/static/chunks/node_modules_next_dist_115brz8._.js:2431
[83050466ms] [LOG] [Fast Refresh] done in 126ms @ http://localhost:3010/_next/static/chunks/node_modules_next_dist_115brz8._.js:2431
[83072833ms] [LOG] [Fast Refresh] rebuilding @ http://localhost:3010/_next/static/chunks/node_modules_next_dist_115brz8._.js:2431
[83072834ms] [LOG] [Fast Refresh] done in 113ms @ http://localhost:3010/_next/static/chunks/node_modules_next_dist_115brz8._.js:2431
[83114182ms] [LOG] [Fast Refresh] rebuilding @ http://localhost:3010/_next/static/chunks/node_modules_next_dist_115brz8._.js:2431
[83114253ms] [LOG] [Fast Refresh] done in 181ms @ http://localhost:3010/_next/static/chunks/node_modules_next_dist_115brz8._.js:2431
[83114999ms] [LOG] [Fast Refresh] rebuilding @ http://localhost:3010/_next/static/chunks/node_modules_next_dist_115brz8._.js:2431
[83115000ms] [LOG] [Fast Refresh] done in 116ms @ http://localhost:3010/_next/static/chunks/node_modules_next_dist_115brz8._.js:2431
[83118733ms] [LOG] [Fast Refresh] rebuilding @ http://localhost:3010/_next/static/chunks/node_modules_next_dist_115brz8._.js:2431
[83118752ms] [LOG] [Fast Refresh] done in 124ms @ http://localhost:3010/_next/static/chunks/node_modules_next_dist_115brz8._.js:2431
[83559112ms] [LOG] [Fast Refresh] rebuilding @ http://localhost:3010/_next/static/chunks/node_modules_next_dist_115brz8._.js:2431
[83559190ms] [LOG] [Fast Refresh] done in 180ms @ http://localhost:3010/_next/static/chunks/node_modules_next_dist_115brz8._.js:2431
[83560775ms] [LOG] [Fast Refresh] rebuilding @ http://localhost:3010/_next/static/chunks/node_modules_next_dist_115brz8._.js:2431
[83560837ms] [LOG] [Fast Refresh] done in 163ms @ http://localhost:3010/_next/static/chunks/node_modules_next_dist_115brz8._.js:2431
[83565210ms] [LOG] [Fast Refresh] rebuilding @ http://localhost:3010/_next/static/chunks/node_modules_next_dist_115brz8._.js:2431
[83565226ms] [LOG] [Fast Refresh] done in 127ms @ http://localhost:3010/_next/static/chunks/node_modules_next_dist_115brz8._.js:2431
[83593665ms] [LOG] [Fast Refresh] rebuilding @ http://localhost:3010/_next/static/chunks/node_modules_next_dist_115brz8._.js:2431
[83593682ms] [LOG] [Fast Refresh] done in 120ms @ http://localhost:3010/_next/static/chunks/node_modules_next_dist_115brz8._.js:2431
[83595051ms] [LOG] [Fast Refresh] rebuilding @ http://localhost:3010/_next/static/chunks/node_modules_next_dist_115brz8._.js:2431
[83595068ms] [LOG] [Fast Refresh] done in 120ms @ http://localhost:3010/_next/static/chunks/node_modules_next_dist_115brz8._.js:2431
[83597720ms] [LOG] [Fast Refresh] rebuilding @ http://localhost:3010/_next/static/chunks/node_modules_next_dist_115brz8._.js:2431
[83597725ms] [LOG] [Fast Refresh] done in 109ms @ http://localhost:3010/_next/static/chunks/node_modules_next_dist_115brz8._.js:2431
[83624361ms] [LOG] [Fast Refresh] rebuilding @ http://localhost:3010/_next/static/chunks/node_modules_next_dist_115brz8._.js:2431
[83624361ms] [LOG] [Fast Refresh] done in 104ms @ http://localhost:3010/_next/static/chunks/node_modules_next_dist_115brz8._.js:2431
[83628213ms] [LOG] [Fast Refresh] rebuilding @ http://localhost:3010/_next/static/chunks/node_modules_next_dist_115brz8._.js:2431
[83628213ms] [LOG] [Fast Refresh] done in 115ms @ http://localhost:3010/_next/static/chunks/node_modules_next_dist_115brz8._.js:2431
[83629576ms] [LOG] [Fast Refresh] rebuilding @ http://localhost:3010/_next/static/chunks/node_modules_next_dist_115brz8._.js:2431
[83629576ms] [LOG] [Fast Refresh] done in 103ms @ http://localhost:3010/_next/static/chunks/node_modules_next_dist_115brz8._.js:2431
[83630922ms] [LOG] [Fast Refresh] rebuilding @ http://localhost:3010/_next/static/chunks/node_modules_next_dist_115brz8._.js:2431
[83630923ms] [LOG] [Fast Refresh] done in 103ms @ http://localhost:3010/_next/static/chunks/node_modules_next_dist_115brz8._.js:2431
[83649728ms] [LOG] [Fast Refresh] rebuilding @ http://localhost:3010/_next/static/chunks/node_modules_next_dist_115brz8._.js:2431
[83649729ms] [LOG] [Fast Refresh] done in 104ms @ http://localhost:3010/_next/static/chunks/node_modules_next_dist_115brz8._.js:2431
[83651006ms] [LOG] [Fast Refresh] rebuilding @ http://localhost:3010/_next/static/chunks/node_modules_next_dist_115brz8._.js:2431
[83651078ms] [LOG] [Fast Refresh] done in 175ms @ http://localhost:3010/_next/static/chunks/node_modules_next_dist_115brz8._.js:2431
[84064865ms] [LOG] [Fast Refresh] rebuilding @ http://localhost:3010/_next/static/chunks/node_modules_next_dist_115brz8._.js:2431
[84064960ms] [LOG] [Fast Refresh] done in 200ms @ http://localhost:3010/_next/static/chunks/node_modules_next_dist_115brz8._.js:2431
[84703670ms] [LOG] [Fast Refresh] rebuilding @ http://localhost:3010/_next/static/chunks/node_modules_next_dist_115brz8._.js:2431
[84703671ms] [LOG] [Fast Refresh] done in 101ms @ http://localhost:3010/_next/static/chunks/node_modules_next_dist_115brz8._.js:2431
[84809790ms] [LOG] [Fast Refresh] rebuilding @ http://localhost:3010/_next/static/chunks/node_modules_next_dist_115brz8._.js:2431
[84809805ms] [LOG] [Fast Refresh] done in 119ms @ http://localhost:3010/_next/static/chunks/node_modules_next_dist_115brz8._.js:2431
[84823758ms] [LOG] [Fast Refresh] rebuilding @ http://localhost:3010/_next/static/chunks/node_modules_next_dist_115brz8._.js:2431
[84823837ms] [LOG] [Fast Refresh] done in 138ms @ http://localhost:3010/_next/static/chunks/node_modules_next_dist_115brz8._.js:2431
[84849231ms] [LOG] [Fast Refresh] rebuilding @ http://localhost:3010/_next/static/chunks/node_modules_next_dist_115brz8._.js:2431
[84850105ms] [LOG] [Fast Refresh] done in 984ms @ http://localhost:3010/_next/static/chunks/node_modules_next_dist_115brz8._.js:2431
[84850211ms] [LOG] [Fast Refresh] rebuilding @ http://localhost:3010/_next/static/chunks/node_modules_next_dist_115brz8._.js:2431
[84850498ms] [LOG] [Fast Refresh] done in 390ms @ http://localhost:3010/_next/static/chunks/node_modules_next_dist_115brz8._.js:2431
[84850604ms] [LOG] [Fast Refresh] rebuilding @ http://localhost:3010/_next/static/chunks/node_modules_next_dist_115brz8._.js:2431
[84850815ms] [LOG] [Fast Refresh] done in 314ms @ http://localhost:3010/_next/static/chunks/node_modules_next_dist_115brz8._.js:2431
[85658826ms] [LOG] [Fast Refresh] rebuilding @ http://localhost:3010/_next/static/chunks/node_modules_next_dist_115brz8._.js:2431
[85658843ms] [LOG] [Fast Refresh] done in 127ms @ http://localhost:3010/_next/static/chunks/node_modules_next_dist_115brz8._.js:2431
[85659940ms] [LOG] [Fast Refresh] rebuilding @ http://localhost:3010/_next/static/chunks/node_modules_next_dist_115brz8._.js:2431
[85659956ms] [LOG] [Fast Refresh] done in 126ms @ http://localhost:3010/_next/static/chunks/node_modules_next_dist_115brz8._.js:2431
[85726660ms] [LOG] [Fast Refresh] rebuilding @ http://localhost:3010/_next/static/chunks/node_modules_next_dist_115brz8._.js:2431
[85726677ms] [LOG] [Fast Refresh] done in 129ms @ http://localhost:3010/_next/static/chunks/node_modules_next_dist_115brz8._.js:2431
[85760627ms] [LOG] [Fast Refresh] rebuilding @ http://localhost:3010/_next/static/chunks/node_modules_next_dist_115brz8._.js:2431
[85760644ms] [LOG] [Fast Refresh] done in 128ms @ http://localhost:3010/_next/static/chunks/node_modules_next_dist_115brz8._.js:2431
[85786966ms] [LOG] [Fast Refresh] rebuilding @ http://localhost:3010/_next/static/chunks/node_modules_next_dist_115brz8._.js:2431
[85786967ms] [LOG] [Fast Refresh] done in 101ms @ http://localhost:3010/_next/static/chunks/node_modules_next_dist_115brz8._.js:2431
[85833827ms] [LOG] [Fast Refresh] rebuilding @ http://localhost:3010/_next/static/chunks/node_modules_next_dist_115brz8._.js:2431
[85833860ms] [LOG] [Fast Refresh] done in 143ms @ http://localhost:3010/_next/static/chunks/node_modules_next_dist_115brz8._.js:2431
[85835293ms] [LOG] [Fast Refresh] rebuilding @ http://localhost:3010/_next/static/chunks/node_modules_next_dist_115brz8._.js:2431
[85835310ms] [LOG] [Fast Refresh] done in 127ms @ http://localhost:3010/_next/static/chunks/node_modules_next_dist_115brz8._.js:2431
[85845177ms] [LOG] [Fast Refresh] rebuilding @ http://localhost:3010/_next/static/chunks/node_modules_next_dist_115brz8._.js:2431
[85845297ms] [LOG] [Fast Refresh] done in 175ms @ http://localhost:3010/_next/static/chunks/node_modules_next_dist_115brz8._.js:2431
[85850110ms] [LOG] [Fast Refresh] rebuilding @ http://localhost:3010/_next/static/chunks/node_modules_next_dist_115brz8._.js:2431
[85850111ms] [LOG] [Fast Refresh] done in 104ms @ http://localhost:3010/_next/static/chunks/node_modules_next_dist_115brz8._.js:2431
[85855410ms] [LOG] [Fast Refresh] rebuilding @ http://localhost:3010/_next/static/chunks/node_modules_next_dist_115brz8._.js:2431
[85855414ms] [LOG] [Fast Refresh] done in 111ms @ http://localhost:3010/_next/static/chunks/node_modules_next_dist_115brz8._.js:2431
[89056138ms] [LOG] [Fast Refresh] rebuilding @ http://localhost:3010/_next/static/chunks/node_modules_next_dist_115brz8._.js:2431
[89056170ms] [LOG] [Fast Refresh] done in 134ms @ http://localhost:3010/_next/static/chunks/node_modules_next_dist_115brz8._.js:2431
[89200786ms] [LOG] [Fast Refresh] rebuilding @ http://localhost:3010/_next/static/chunks/node_modules_next_dist_115brz8._.js:2431
[89200802ms] [LOG] [Fast Refresh] done in 119ms @ http://localhost:3010/_next/static/chunks/node_modules_next_dist_115brz8._.js:2431
[89208906ms] [LOG] [Fast Refresh] rebuilding @ http://localhost:3010/_next/static/chunks/node_modules_next_dist_115brz8._.js:2431
[89208923ms] [LOG] [Fast Refresh] done in 119ms @ http://localhost:3010/_next/static/chunks/node_modules_next_dist_115brz8._.js:2431
[89222075ms] [LOG] [Fast Refresh] rebuilding @ http://localhost:3010/_next/static/chunks/node_modules_next_dist_115brz8._.js:2431
[89222092ms] [LOG] [Fast Refresh] done in 120ms @ http://localhost:3010/_next/static/chunks/node_modules_next_dist_115brz8._.js:2431
[89516833ms] [LOG] [Fast Refresh] rebuilding @ http://localhost:3010/_next/static/chunks/node_modules_next_dist_115brz8._.js:2431
[89516856ms] [LOG] [Fast Refresh] done in 132ms @ http://localhost:3010/_next/static/chunks/node_modules_next_dist_115brz8._.js:2431
[89526822ms] [LOG] [Fast Refresh] rebuilding @ http://localhost:3010/_next/static/chunks/node_modules_next_dist_115brz8._.js:2431
[89526822ms] [LOG] [Fast Refresh] done in 105ms @ http://localhost:3010/_next/static/chunks/node_modules_next_dist_115brz8._.js:2431
[89668762ms] [LOG] [Fast Refresh] rebuilding @ http://localhost:3010/_next/static/chunks/node_modules_next_dist_115brz8._.js:2431
[89668779ms] [LOG] [Fast Refresh] done in 117ms @ http://localhost:3010/_next/static/chunks/node_modules_next_dist_115brz8._.js:2431
[89686322ms] [LOG] [Fast Refresh] rebuilding @ http://localhost:3010/_next/static/chunks/node_modules_next_dist_115brz8._.js:2431
[89686401ms] [LOG] [Fast Refresh] done in 140ms @ http://localhost:3010/_next/static/chunks/node_modules_next_dist_115brz8._.js:2431
[89697355ms] [LOG] [Fast Refresh] rebuilding @ http://localhost:3010/_next/static/chunks/node_modules_next_dist_115brz8._.js:2431
[89697356ms] [LOG] [Fast Refresh] done in 106ms @ http://localhost:3010/_next/static/chunks/node_modules_next_dist_115brz8._.js:2431
[89960660ms] [LOG] [Fast Refresh] rebuilding @ http://localhost:3010/_next/static/chunks/node_modules_next_dist_115brz8._.js:2431
[89960681ms] [LOG] [Fast Refresh] done in 124ms @ http://localhost:3010/_next/static/chunks/node_modules_next_dist_115brz8._.js:2431
